gdb a.out
GNU gdb (Ubuntu 8.1.1-0ubuntu1) 8.1.1
Copyright (C) 2018 Free Software Foundation, Inc.
License GPLv3+: GNU GPL version 3 or later <http://gnu.org/licenses/gpl.html>
This is free software: you are free to change and redistribute it.
There is NO WARRANTY, to the extent permitted by law.  Type "show copying"
and "show warranty" for details.
This GDB was configured as "x86_64-linux-gnu".
Type "show configuration" for configuration details.
For bug reporting instructions, please see:
<http://www.gnu.org/software/gdb/bugs/>.
Find the GDB manual and other documentation resources online at:
<http://www.gnu.org/software/gdb/documentation/>.
For help, type "help".
Type "apropos word" to search for commands related to "word"...
Reading symbols from a.out...done.
(gdb) b main
Breakpoint 1 at 0x7d8: file p4original.c, line 41.
(gdb) r
Starting program: /home/runner/pps-test1-Surya-14/a.out 
warning: Error disabling address space randomization: Operation not permitted

Breakpoint 1, main () at p4original.c:41
41    x=input();
(gdb) n
enter the number:7
42    y=input();
(gdb) n
enter the number:8
43    z=input();
(gdb) n
enter the number:4
44    largest=compare(x,y,z);
(gdb) n
45    output(largest);
(gdb) n
The largest number is:8
46    printf("End of code");
(gdb) n
47    return 0;
(gdb) c
Continuing.
End of code[Inferior 1 (process 399) exited normally]
